// Jest Snapshot v1, https://goo.gl/fbAQLP

exports[`registerGlobals first hit is current date 1`] = `
Array [
  Arguments [
    "js",
    2021-04-20T10:00:00.000Z,
  ],
]
`;
