// Jest Snapshot v1, https://goo.gl/fbAQLP

exports[`install should have default options 1`] = `
Object {
  "bootstrap": true,
  "config": null,
  "defaultGroupName": "default",
  "disableScriptLoad": false,
  "enabled": true,
  "globalObjectName": "gtag",
  "includes": null,
  "onAfterTrack": [Function],
  "onBeforeTrack": [Function],
  "onReady": [Function],
  "pageTrackerEnabled": true,
  "pageTrackerScreenviewEnabled": false,
  "pageTrackerTemplate": [Function],
}
`;
